<?xml version="1.0" encoding="utf-8"?>
<heightmap MinX="0" MinY="0" MaxX="30" MaxY="30" SizeX="7" SizeY="7">
  <point X="0" Y="0">-6.298</point>
  <point X="0" Y="1">-4.438</point>
  <point X="0" Y="2">-3.324</point>
  <point X="0" Y="3">-2.971</point>
  <point X="0" Y="4">-3.271</point>
  <point X="0" Y="5">-4.31</point>
  <point X="0" Y="6">-6.084</point>
  <point X="1" Y="0">-4.438</point>
  <point X="1" Y="1">-2.671</point>
  <point X="1" Y="2">-1.621</point>
  <point X="1" Y="3">-1.273</point>
  <point X="1" Y="4">-1.588</point>
  <point X="1" Y="5">-2.536</point>
  <point X="1" Y="6">-4.243</point>
  <point X="2" Y="0">-3.331</point>
  <point X="2" Y="1">-1.663</point>
  <point X="2" Y="2">-0.654</point>
  <point X="2" Y="3">-0.290000000000001</point>
  <point X="2" Y="4">-0.571</point>
  <point X="2" Y="5">-1.505</point>
  <point X="2" Y="6">-3.148</point>
  <point X="3" Y="0">-2.968</point>
  <point X="3" Y="1">-1.314</point>
  <point X="3" Y="2">-0.346</point>
  <point X="3" Y="3">0.020999999999999</point>
  <point X="3" Y="4">-0.241000000000001</point>
  <point X="3" Y="5">-1.16</point>
  <point X="3" Y="6">-2.788</point>
  <point X="4" Y="0">-3.298</point>
  <point X="4" Y="1">-1.625</point>
  <point X="4" Y="2">-0.639000000000001</point>
  <point X="4" Y="3">-0.279</point>
  <point X="4" Y="4">-0.538</point>
  <point X="4" Y="5">-1.46</point>
  <point X="4" Y="6">-3.099</point>
  <point X="5" Y="0">-4.321</point>
  <point X="5" Y="1">-2.6</point>
  <point X="5" Y="2">-1.569</point>
  <point X="5" Y="3">-1.198</point>
  <point X="5" Y="4">-1.475</point>
  <point X="5" Y="5">-2.428</point>
  <point X="5" Y="6">-4.108</point>
  <point X="6" Y="0">-6.121</point>
  <point X="6" Y="1">-4.288</point>
  <point X="6" Y="2">-3.211</point>
  <point X="6" Y="3">-2.821</point>
  <point X="6" Y="4">-3.129</point>
  <point X="6" Y="5">-4.123</point>
  <point X="6" Y="6">-5.885</point>
</heightmap>